// Jest Snapshot v1, https://goo.gl/fbAQLP

exports[`Render MoviesList Should MoviesList render correctly 1`] = `
<div
  className="catalog__movies-list"
>
  <article
    className="small-movie-card catalog__movies-card"
    onMouseLeave={[Function]}
    onMouseOver={[Function]}
  >
    <div
      className="small-movie-card__image"
    >
      <video
        height="175"
        width="280"
      />
    </div>
    <h3
      className="small-movie-card__title"
    >
      <a
        className="small-movie-card__link"
        href="/films/1"
        onClick={[Function]}
      >
        Fantastic Beasts: The Crimes of Grindelwald
      </a>
    </h3>
  </article>
  <article
    className="small-movie-card catalog__movies-card"
    onMouseLeave={[Function]}
    onMouseOver={[Function]}
  >
    <div
      className="small-movie-card__image"
    >
      <video
        height="175"
        width="280"
      />
    </div>
    <h3
      className="small-movie-card__title"
    >
      <a
        className="small-movie-card__link"
        href="/films/2"
        onClick={[Function]}
      >
        Bohemian Rhapsody
      </a>
    </h3>
  </article>
  <article
    className="small-movie-card catalog__movies-card"
    onMouseLeave={[Function]}
    onMouseOver={[Function]}
  >
    <div
      className="small-movie-card__image"
    >
      <video
        height="175"
        width="280"
      />
    </div>
    <h3
      className="small-movie-card__title"
    >
      <a
        className="small-movie-card__link"
        href="/films/3"
        onClick={[Function]}
      >
        Macbeth
      </a>
    </h3>
  </article>
  <article
    className="small-movie-card catalog__movies-card"
    onMouseLeave={[Function]}
    onMouseOver={[Function]}
  >
    <div
      className="small-movie-card__image"
    >
      <video
        height="175"
        width="280"
      />
    </div>
    <h3
      className="small-movie-card__title"
    >
      <a
        className="small-movie-card__link"
        href="/films/4"
        onClick={[Function]}
      >
        Aviator
      </a>
    </h3>
  </article>
  <article
    className="small-movie-card catalog__movies-card"
    onMouseLeave={[Function]}
    onMouseOver={[Function]}
  >
    <div
      className="small-movie-card__image"
    >
      <video
        height="175"
        width="280"
      />
    </div>
    <h3
      className="small-movie-card__title"
    >
      <a
        className="small-movie-card__link"
        href="/films/5"
        onClick={[Function]}
      >
        We need to talk about Kevin
      </a>
    </h3>
  </article>
  <article
    className="small-movie-card catalog__movies-card"
    onMouseLeave={[Function]}
    onMouseOver={[Function]}
  >
    <div
      className="small-movie-card__image"
    >
      <video
        height="175"
        width="280"
      />
    </div>
    <h3
      className="small-movie-card__title"
    >
      <a
        className="small-movie-card__link"
        href="/films/6"
        onClick={[Function]}
      >
        What We Do in the Shadows
      </a>
    </h3>
  </article>
  <article
    className="small-movie-card catalog__movies-card"
    onMouseLeave={[Function]}
    onMouseOver={[Function]}
  >
    <div
      className="small-movie-card__image"
    >
      <video
        height="175"
        width="280"
      />
    </div>
    <h3
      className="small-movie-card__title"
    >
      <a
        className="small-movie-card__link"
        href="/films/7"
        onClick={[Function]}
      >
        Revenant
      </a>
    </h3>
  </article>
  <article
    className="small-movie-card catalog__movies-card"
    onMouseLeave={[Function]}
    onMouseOver={[Function]}
  >
    <div
      className="small-movie-card__image"
    >
      <video
        height="175"
        width="280"
      />
    </div>
    <h3
      className="small-movie-card__title"
    >
      <a
        className="small-movie-card__link"
        href="/films/8"
        onClick={[Function]}
      >
        Johnny English
      </a>
    </h3>
  </article>
</div>
`;
