// Jest Snapshot v1, https://goo.gl/fbAQLP

exports[`Render withActiveItem withActiveItem is rendered correctly 1`] = `<div />`;
